
> notification-service@1.0.0 build D:\Project\cdx-loaphuong
> nest build --config tsconfig.build.json

node.exe : 
[96msrc/modules/notification/admin/application/services/admin-statistics.service.ts[0m:[93m82[0m:[93m7[0m - 
[91merror[0m[90m TS2353: [0mObject literal may only specify known properties, and 'weekNotifications' does not 
exist in type 'NotificationStatisticsResponseDto'.
At C:\Users\ACER\AppData\Roaming\npm\pnpm.ps1:24 char:5
+     & "node$exe"  "$basedir/node_modules/pnpm/bin/pnpm.cjs" $args
+     ~~~~~~~~~~~~~~~~~~~~~~~~~~~~~~~~~~~~~~~~~~~~~~~~~~~~~~~~~~~~~
    + CategoryInfo          : NotSpecified: ([96msrc/module...csResponseDto'.:String) [], RemoteException
    + FullyQualifiedErrorId : NativeCommandError
 

[7m82[0m       weekNotifications,
[7m  [0m [91m      ~~~~~~~~~~~~~~~~~[0m
[96msrc/modules/notification/admin/application/services/failed-notification.service.ts[0m:[93m114[0m:[93m7[0m - 
[91merror[0m[90m TS2353: [0mObject literal may only specify known properties, and 'pagination' does not exist in 
type 'FailedNotificationResponseDto'.

[7m114[0m       pagination: {
[7m   [0m [91m      ~~~~~~~~~~[0m
[96msrc/modules/notification/admin/application/services/manual-retry.service.ts[0m:[93m77[0m:[93m7[0m - 
[91merror[0m[90m TS2353: [0mObject literal may only specify known properties, and 'status' does not exist in type 
'ManualRetryResponseDto'.

[7m77[0m       status: 'queued',
[7m  [0m [91m      ~~~~~~[0m
[96msrc/modules/notification/admin/interface/admin.controller.ts[0m:[93m89[0m:[93m14[0m - [91merror[0m[90m 
TS2304: [0mCannot find name 'ApiResponseDto'.

[7m89[0m   ): Promise<ApiResponseDto<NotificationStatisticsResponseDto>> {
[7m  [0m [91m             ~~~~~~~~~~~~~~[0m
[96msrc/modules/notification/admin/interface/admin.controller.ts[0m:[93m129[0m:[93m14[0m - [91merror[0m[90m 
TS2304: [0mCannot find name 'ApiResponseDto'.

[7m129[0m   ): Promise<ApiResponseDto<BroadcastNotificationResponseDto>> {
[7m   [0m [91m             ~~~~~~~~~~~~~~[0m
[96msrc/modules/notification/admin/interface/admin.controller.ts[0m:[93m183[0m:[93m14[0m - [91merror[0m[90m 
TS2304: [0mCannot find name 'ApiResponseDto'.

[7m183[0m   ): Promise<ApiResponseDto<FailedNotificationResponseDto>> {
[7m   [0m [91m             ~~~~~~~~~~~~~~[0m
[96msrc/modules/notification/admin/interface/admin.controller.ts[0m:[93m245[0m:[93m14[0m - [91merror[0m[90m 
TS2304: [0mCannot find name 'ApiResponseDto'.

[7m245[0m   ): Promise<ApiResponseDto<ManualRetryResponseDto>> {
[7m   [0m [91m             ~~~~~~~~~~~~~~[0m
[96msrc/modules/notification/analytics/analytics.controller.ts[0m:[93m150[0m:[93m7[0m - [91merror[0m[90m 
TS18048: [0m'res' is possibly 'undefined'.

[7m150[0m       res.status(HttpStatus.BAD_REQUEST).json({
[7m   [0m [91m      ~~~[0m
[96msrc/modules/notification/analytics/analytics.controller.ts[0m:[93m229[0m:[93m7[0m - [91merror[0m[90m 
TS18048: [0m'res' is possibly 'undefined'.

[7m229[0m       res.status(HttpStatus.OK).json({
[7m   [0m [91m      ~~~[0m
[96msrc/modules/notification/analytics/analytics.controller.ts[0m:[93m235[0m:[93m7[0m - [91merror[0m[90m 
TS18048: [0m'res' is possibly 'undefined'.

[7m235[0m       res.status(HttpStatus.INTERNAL_SERVER_ERROR).json({
[7m   [0m [91m      ~~~[0m
[96msrc/modules/notification/analytics/analytics.controller.ts[0m:[93m282[0m:[93m70[0m - [91merror[0m[90m 
TS2554: [0mExpected 0-1 arguments, but got 2.

[7m282[0m       const result = await this.analyticsService.getMetrics(filters, groupByFields);
[7m   [0m [91m                                                                     ~~~~~~~~~~~~~[0m
[96msrc/modules/notification/analytics/analytics.controller.ts[0m:[93m284[0m:[93m7[0m - [91merror[0m[90m 
TS18048: [0m'res' is possibly 'undefined'.

[7m284[0m       res.status(HttpStatus.OK).json({
[7m   [0m [91m      ~~~[0m
[96msrc/modules/notification/analytics/analytics.controller.ts[0m:[93m290[0m:[93m7[0m - [91merror[0m[90m 
TS18048: [0m'res' is possibly 'undefined'.

[7m290[0m       res.status(HttpStatus.INTERNAL_SERVER_ERROR).json({
[7m   [0m [91m      ~~~[0m
[96msrc/modules/notification/analytics/analytics.controller.ts[0m:[93m338[0m:[93m80[0m - [91merror[0m[90m 
TS2554: [0mExpected 0-1 arguments, but got 2.

[7m338[0m       const result = await this.analyticsService.getTimeSeriesMetrics(filters, aggregationPeriod);
[7m   [0m [91m                                                                               ~~~~~~~~~~~~~~~~~[0m
[96msrc/modules/notification/analytics/analytics.controller.ts[0m:[93m340[0m:[93m7[0m - [91merror[0m[90m 
TS18048: [0m'res' is possibly 'undefined'.

[7m340[0m       res.status(HttpStatus.OK).json({
[7m   [0m [91m      ~~~[0m
[96msrc/modules/notification/analytics/analytics.controller.ts[0m:[93m346[0m:[93m7[0m - [91merror[0m[90m 
TS18048: [0m'res' is possibly 'undefined'.

[7m346[0m       res.status(HttpStatus.INTERNAL_SERVER_ERROR).json({
[7m   [0m [91m      ~~~[0m
[96msrc/modules/notification/analytics/analytics.controller.ts[0m:[93m385[0m:[93m7[0m - [91merror[0m[90m 
TS18048: [0m'res' is possibly 'undefined'.

[7m385[0m       res.status(HttpStatus.OK).json({
[7m   [0m [91m      ~~~[0m
[96msrc/modules/notification/analytics/analytics.controller.ts[0m:[93m391[0m:[93m7[0m - [91merror[0m[90m 
TS18048: [0m'res' is possibly 'undefined'.

[7m391[0m       res.status(HttpStatus.INTERNAL_SERVER_ERROR).json({
[7m   [0m [91m      ~~~[0m
[96msrc/modules/notification/analytics/analytics.controller.ts[0m:[93m417[0m:[93m9[0m - [91merror[0m[90m 
TS2554: [0mExpected 0-1 arguments, but got 3.

[7m417[0m         dateFrom ? new Date(dateFrom) : undefined,
[7m   [0m [91m        ~~~~~~~~~~~~~~~~~~~~~~~~~~~~~~~~~~~~~~~~~~[0m
[7m418[0m         dateTo ? new Date(dateTo) : undefined,
[7m   [0m [91m~~~~~~~~~~~~~~~~~~~~~~~~~~~~~~~~~~~~~~~~~~~~~[0m
[96msrc/modules/notification/analytics/analytics.controller.ts[0m:[93m421[0m:[93m7[0m - [91merror[0m[90m 
TS18048: [0m'res' is possibly 'undefined'.

[7m421[0m       res.status(HttpStatus.OK).json({
[7m   [0m [91m      ~~~[0m
[96msrc/modules/notification/analytics/analytics.controller.ts[0m:[93m427[0m:[93m7[0m - [91merror[0m[90m 
TS18048: [0m'res' is possibly 'undefined'.

[7m427[0m       res.status(HttpStatus.INTERNAL_SERVER_ERROR).json({
[7m   [0m [91m      ~~~[0m
[96msrc/modules/notification/analytics/analytics.controller.ts[0m:[93m469[0m:[93m7[0m - [91merror[0m[90m 
TS18048: [0m'res' is possibly 'undefined'.

[7m469[0m       res.status(HttpStatus.OK).json({
[7m   [0m [91m      ~~~[0m
[96msrc/modules/notification/analytics/analytics.controller.ts[0m:[93m475[0m:[93m7[0m - [91merror[0m[90m 
TS18048: [0m'res' is possibly 'undefined'.

[7m475[0m       res.status(HttpStatus.INTERNAL_SERVER_ERROR).json({
[7m   [0m [91m      ~~~[0m
[96msrc/modules/notification/analytics/analytics.controller.ts[0m:[93m562[0m:[93m7[0m - [91merror[0m[90m 
TS18048: [0m'res' is possibly 'undefined'.

[7m562[0m       res.status(HttpStatus.OK).json({
[7m   [0m [91m      ~~~[0m
[96msrc/modules/notification/analytics/analytics.controller.ts[0m:[93m568[0m:[93m7[0m - [91merror[0m[90m 
TS18048: [0m'res' is possibly 'undefined'.

[7m568[0m       res.status(HttpStatus.INTERNAL_SERVER_ERROR).json({
[7m   [0m [91m      ~~~[0m
[96msrc/modules/notification/analytics/analytics.controller.ts[0m:[93m600[0m:[93m7[0m - [91merror[0m[90m 
TS18048: [0m'res' is possibly 'undefined'.

[7m600[0m       res.status(HttpStatus.OK).json({
[7m   [0m [91m      ~~~[0m
[96msrc/modules/notification/analytics/analytics.controller.ts[0m:[93m607[0m:[93m7[0m - [91merror[0m[90m 
TS18048: [0m'res' is possibly 'undefined'.

[7m607[0m       res.status(HttpStatus.INTERNAL_SERVER_ERROR).json({
[7m   [0m [91m      ~~~[0m
[96msrc/modules/notification/analytics/analytics.service.ts[0m:[93m41[0m:[93m45[0m - [91merror[0m[90m TS2339: 
[0mProperty 'getUserEngagement' does not exist on type 'AnalyticsRepository'.

[7m41[0m       return await this.analyticsRepository.getUserEngagement(filters);
[7m  [0m [91m                                            ~~~~~~~~~~~~~~~~~[0m
[96msrc/modules/notification/analytics/analytics.service.ts[0m:[93m76[0m:[93m9[0m - [91merror[0m[90m TS2353: 
[0mObject literal may only specify known properties, and 'groupBy' does not exist in type 'AnalyticsFilters'.

[7m76[0m         groupBy,
[7m  [0m [91m        ~~~~~~~[0m
[96msrc/modules/notification/analytics/analytics.service.ts[0m:[93m84[0m:[93m9[0m - [91merror[0m[90m TS2353: 
[0mObject literal may only specify known properties, and 'period' does not exist in type 'AnalyticsFilters'.

[7m84[0m         period,
[7m  [0m [91m        ~~~~~~[0m
[96msrc/modules/notification/analytics/analytics.service.ts[0m:[93m128[0m:[93m34[0m - [91merror[0m[90m 
TS2339: [0mProperty 'getUserEngagement' does not exist on type 'AnalyticsRepository'.

[7m128[0m         this.analyticsRepository.getUserEngagement(filters),
[7m   [0m [91m                                 ~~~~~~~~~~~~~~~~~[0m
[96msrc/modules/notification/fallback/fallback.controller.ts[0m:[93m537[0m:[93m76[0m - [91merror[0m[90m 
TS2345: [0mArgument of type 'string | undefined' is not assignable to parameter of type 'string'.
  Type 'undefined' is not assignable to type 'string'.

[7m537[0m       const statistics = await this.fallbackService.getExecutionStatistics(strategyId);
Found 34 error(s).

[7m   [0m [91m                                                                           ~~~~~~~~~~[0m
[96msrc/modules/notification/templates/infrastructure/notification-template.repository.impl.ts[0m:[93m47[0m:[93m9
[0m - [91merror[0m[90m TS2416: [0mProperty 'findAll' in type 'NotificationTemplateRepositoryImpl' is not 
assignable to the same property in base type 'NotificationTemplateRepository'.
  Type '(options: { page?: number | undefined; limit?: number | undefined; type?: 
import("D:/Project/cdx-loaphuong/src/common/types/notification.types").NotificationType | undefined; channel?: 
import("D:/Project/cdx-loaphuong/src/common/types/notification.types").NotificationChannel | undefined; language?: 
string | undefine...' is not assignable to type '(options: { page?: number | undefined; limit?: number | undefined; 
type?: import("D:/Project/cdx-loaphuong/src/common/types/notification.types").NotificationType | undefined; channel?: 
import("D:/Project/cdx-loaphuong/src/common/types/notification.types").NotificationChannel | undefined; language?: 
string | undefine...'. Two different types with this name exist, but they are unrelated.
    Type 'Promise<{ templates: NotificationTemplate[]; total: number; page: number; limit: number; }>' is not 
assignable to type 'Promise<{ templates: NotificationTemplate[]; total: number; page: number; limit: number; 
totalPages: number; }>'.
      Property 'totalPages' is missing in type '{ templates: NotificationTemplate[]; total: number; page: number; 
limit: number; }' but required in type '{ templates: NotificationTemplate[]; total: number; page: number; limit: 
number; totalPages: number; }'.

[7m47[0m   async findAll(options: {
[7m  [0m [91m        ~~~~~~~[0m

  
[96msrc/modules/notification/templates/domain/notification-template.repository.interface.ts[0m:[93m30[0m:[93m5[0m
    [7m30[0m     totalPages: number;
    [7m  [0m [96m    ~~~~~~~~~~[0m
    'totalPages' is declared here.
[96msrc/modules/notification/templates/infrastructure/notification-template.repository.impl.ts[0m:[93m89[0m:[93m7
[0m - [91merror[0m[90m TS2353: [0mObject literal may only specify known properties, and 'totalPages' does not 
exist in type '{ templates: NotificationTemplate[]; total: number; page: number; limit: number; }'.

[7m89[0m       totalPages: Math.ceil(total / limit),
[7m  [0m [91m      ~~~~~~~~~~[0m

ÔÇëELIFECYCLEÔÇë Command failed with exit code 1.
